[ +469 ms] Artifact Instance of 'MaterialFonts' is not required, skipping update.
[   +1 ms] Artifact Instance of 'GradleWrapper' is not required, skipping update.
[        ] Artifact Instance of 'AndroidGenSnapshotArtifacts' is not required, skipping update.
[        ] Artifact Instance of 'AndroidInternalBuildArtifacts' is not required, skipping update.
[        ] Artifact Instance of 'IOSEngineArtifacts' is not required, skipping update.
[        ] Artifact Instance of 'FlutterWebSdk' is not required, skipping update.
[   +1 ms] Artifact Instance of 'LegacyCanvasKitRemover' is not required, skipping update.
[        ] Artifact Instance of 'FlutterSdk' is not required, skipping update.
[        ] Artifact Instance of 'WindowsEngineArtifacts' is not required, skipping update.
[        ] Artifact Instance of 'MacOSEngineArtifacts' is not required, skipping update.
[        ] Artifact Instance of 'LinuxEngineArtifacts' is not required, skipping update.
[        ] Artifact Instance of 'LinuxFuchsiaSDKArtifacts' is not required, skipping update.
[        ] Artifact Instance of 'MacOSFuchsiaSDKArtifacts' is not required, skipping update.
[        ] Artifact Instance of 'FlutterRunnerSDKArtifacts' is not required, skipping update.
[        ] Artifact Instance of 'FlutterRunnerDebugSymbols' is not required, skipping update.
[        ] Artifact Instance of 'IosUsbArtifacts' is not required, skipping update.
[        ] Artifact Instance of 'IosUsbArtifacts' is not required, skipping update.
[        ] Artifact Instance of 'IosUsbArtifacts' is not required, skipping update.
[        ] Artifact Instance of 'IosUsbArtifacts' is not required, skipping update.
[        ] Artifact Instance of 'IosUsbArtifacts' is not required, skipping update.
[        ] Artifact Instance of 'IosUsbArtifacts' is not required, skipping update.
[        ] Artifact Instance of 'FontSubsetArtifacts' is not required, skipping update.
[        ] Artifact Instance of 'PubDependencies' is not required, skipping update.
[   +2 ms] executing: [C:\src\flutter/] git -c log.showSignature=false log HEAD -n 1 --pretty=format:%ad --date=iso
[  +86 ms] Exit code 0 from: git -c log.showSignature=false log HEAD -n 1 --pretty=format:%ad --date=iso
[        ] 2026-04-29 10:03:19 -0700
[  +20 ms] Artifact Instance of 'AndroidGenSnapshotArtifacts' is not required, skipping update.
[        ] Artifact Instance of 'AndroidInternalBuildArtifacts' is not required, skipping update.
[        ] Artifact Instance of 'IOSEngineArtifacts' is not required, skipping update.
[        ] Artifact Instance of 'FlutterWebSdk' is not required, skipping update.
[        ] Artifact Instance of 'FlutterEngineStamp' is not required, skipping update.
[        ] Artifact Instance of 'LegacyCanvasKitRemover' is not required, skipping update.
[   +2 ms] Artifact Instance of 'WindowsEngineArtifacts' is not required, skipping update.
[        ] Artifact Instance of 'MacOSEngineArtifacts' is not required, skipping update.
[        ] Artifact Instance of 'LinuxEngineArtifacts' is not required, skipping update.
[        ] Artifact Instance of 'LinuxFuchsiaSDKArtifacts' is not required, skipping update.
[        ] Artifact Instance of 'MacOSFuchsiaSDKArtifacts' is not required, skipping update.
[        ] Artifact Instance of 'FlutterRunnerSDKArtifacts' is not required, skipping update.
[        ] Artifact Instance of 'FlutterRunnerDebugSymbols' is not required, skipping update.
[  +56 ms] Artifact Instance of 'MaterialFonts' is not required, skipping update.
[        ] Artifact Instance of 'GradleWrapper' is not required, skipping update.
[   +2 ms] Artifact Instance of 'AndroidInternalBuildArtifacts' is not required, skipping update.
[        ] Artifact Instance of 'IOSEngineArtifacts' is not required, skipping update.
[        ] Artifact Instance of 'FlutterWebSdk' is not required, skipping update.
[        ] Artifact Instance of 'FlutterEngineStamp' is not required, skipping update.
[        ] Artifact Instance of 'LegacyCanvasKitRemover' is not required, skipping update.
[        ] Artifact Instance of 'FlutterSdk' is not required, skipping update.
[        ] Artifact Instance of 'WindowsEngineArtifacts' is not required, skipping update.
[        ] Artifact Instance of 'MacOSEngineArtifacts' is not required, skipping update.
[        ] Artifact Instance of 'LinuxEngineArtifacts' is not required, skipping update.
[        ] Artifact Instance of 'LinuxFuchsiaSDKArtifacts' is not required, skipping update.
[        ] Artifact Instance of 'MacOSFuchsiaSDKArtifacts' is not required, skipping update.
[        ] Artifact Instance of 'FlutterRunnerSDKArtifacts' is not required, skipping update.
[        ] Artifact Instance of 'FlutterRunnerDebugSymbols' is not required, skipping update.
[        ] Artifact Instance of 'IosUsbArtifacts' is not required, skipping update.
[        ] Artifact Instance of 'IosUsbArtifacts' is not required, skipping update.
[        ] Artifact Instance of 'IosUsbArtifacts' is not required, skipping update.
[        ] Artifact Instance of 'IosUsbArtifacts' is not required, skipping update.
[        ] Artifact Instance of 'IosUsbArtifacts' is not required, skipping update.
[        ] Artifact Instance of 'IosUsbArtifacts' is not required, skipping update.
[        ] Artifact Instance of 'FontSubsetArtifacts' is not required, skipping update.
[        ] Artifact Instance of 'PubDependencies' is not required, skipping update.
[ +138 ms] executing: [C:\Users\Stephen\Desktop\tone\app/] C:\src\flutter\bin\cache\dart-sdk\bin\dart pub --suppress-analytics --directory . get --example
Resolving dependencies...
Downloading packages...
  _flutterfire_internals 1.3.68 (1.3.73 available)
  cli_util 0.4.2 (0.5.1 available)
  cloud_firestore 6.2.0 (6.6.0 available)
  cloud_firestore_platform_interface 7.1.0 (8.0.3 available)
  cloud_firestore_web 5.2.0 (5.6.0 available)
  dbus 0.7.12 (0.7.14 available)
  firebase_auth 6.3.0 (6.5.4 available)
  firebase_auth_platform_interface 8.1.8 (9.0.3 available)
  firebase_auth_web 6.1.4 (6.2.3 available)
  firebase_core 4.6.0 (4.11.0 available)
  firebase_core_platform_interface 6.0.3 (7.1.0 available)
  firebase_core_web 3.5.1 (3.9.0 available)
  firebase_messaging 16.1.3 (16.4.1 available)
  firebase_messaging_platform_interface 4.7.8 (4.9.0 available)
  firebase_messaging_web 4.1.4 (4.2.1 available)
  flutter_local_notifications 21.0.0 (22.0.1 available)
  flutter_local_notifications_linux 8.0.0 (8.0.1 available)
  flutter_local_notifications_platform_interface 11.0.0 (12.0.0 available)
  flutter_local_notifications_windows 3.0.0 (3.1.1 available)
  flutter_plugin_android_lifecycle 2.0.34 (2.0.35 available)
  geolocator 14.0.2 (14.0.3 available)
  geolocator_android 5.0.2 (5.0.3 available)
  geolocator_apple 2.3.13 (2.3.14 available)
  geolocator_linux 0.2.4 (0.2.6 available)
  geolocator_platform_interface 4.2.6 (4.2.8 available)
  geolocator_web 4.1.3 (4.1.4 available)
  go_router 17.2.0 (17.3.0 available)
  google_maps_flutter 2.17.0 (2.17.1 available)
  google_maps_flutter_android 2.19.6 (2.19.12 available)
  google_maps_flutter_ios 2.18.1 (2.18.4 available)
  google_maps_flutter_web 0.6.2 (0.6.2+3 available)
  image 4.8.0 (4.9.1 available)
  intl 0.20.2 (0.20.3 available)
  json_annotation 4.11.0 (4.12.0 available)
  matcher 0.12.19 (0.12.20 available)
  meta 1.17.0 (1.18.3 available)
  package_info_plus 9.0.1 (10.2.0 available)
  package_info_plus_platform_interface 3.2.1 (4.1.0 available)
  path_provider_linux 2.2.1 (2.2.2 available)
  path_provider_platform_interface 2.1.2 (2.1.3 available)
  qr 3.0.2 (4.0.0 available)
  shared_preferences_android 2.4.23 (2.4.26 available)
  test_api 0.7.10 (0.7.13 available)
  timezone 0.11.0 (0.11.1 available)
  url_launcher_android 6.3.29 (6.3.32 available)
  url_launcher_web 2.4.2 (2.4.3 available)
  vector_math 2.2.0 (2.4.0 available)
  vm_service 15.0.2 (15.2.0 available)
  win32 5.15.0 (6.3.0 available)
  xml 6.6.1 (7.0.1 available)
Got dependencies!
50 packages have newer versions incompatible with dependency constraints.
Try `flutter pub outdated` for more information.
[ +887 ms] Found plugin url_launcher at C:\Users\Stephen\AppData\Local\Pub\Cache\hosted\pub.dev\url_launcher-6.3.2\
[   +7 ms] Found plugin url_launcher_windows at C:\Users\Stephen\AppData\Local\Pub\Cache\hosted\pub.dev\url_launcher_windows-3.1.5\
[   +9 ms] Found plugin url_launcher_web at C:\Users\Stephen\AppData\Local\Pub\Cache\hosted\pub.dev\url_launcher_web-2.4.2\
[   +6 ms] Found plugin url_launcher_macos at C:\Users\Stephen\AppData\Local\Pub\Cache\hosted\pub.dev\url_launcher_macos-3.2.5\
[   +4 ms] Found plugin url_launcher_linux at C:\Users\Stephen\AppData\Local\Pub\Cache\hosted\pub.dev\url_launcher_linux-3.2.2\
[   +3 ms] Found plugin url_launcher_ios at C:\Users\Stephen\AppData\Local\Pub\Cache\hosted\pub.dev\url_launcher_ios-6.4.1\
[   +6 ms] Found plugin url_launcher_android at C:\Users\Stephen\AppData\Local\Pub\Cache\hosted\pub.dev\url_launcher_android-6.3.29\
[   +5 ms] Found plugin shared_preferences at C:\Users\Stephen\AppData\Local\Pub\Cache\hosted\pub.dev\shared_preferences-2.5.5\
[   +2 ms] Found plugin shared_preferences_windows at C:\Users\Stephen\AppData\Local\Pub\Cache\hosted\pub.dev\shared_preferences_windows-2.4.1\
[   +6 ms] Found plugin path_provider_windows at C:\Users\Stephen\AppData\Local\Pub\Cache\hosted\pub.dev\path_provider_windows-2.3.0\
[  +13 ms] Found plugin shared_preferences_web at C:\Users\Stephen\AppData\Local\Pub\Cache\hosted\pub.dev\shared_preferences_web-2.4.3\
[   +2 ms] Found plugin shared_preferences_linux at C:\Users\Stephen\AppData\Local\Pub\Cache\hosted\pub.dev\shared_preferences_linux-2.4.1\
[   +4 ms] Found plugin path_provider_linux at C:\Users\Stephen\AppData\Local\Pub\Cache\hosted\pub.dev\path_provider_linux-2.2.1\
[   +5 ms] Found plugin shared_preferences_foundation at C:\Users\Stephen\AppData\Local\Pub\Cache\hosted\pub.dev\shared_preferences_foundation-2.5.6\
[   +2 ms] Found plugin shared_preferences_android at C:\Users\Stephen\AppData\Local\Pub\Cache\hosted\pub.dev\shared_preferences_android-2.4.23\
[   +9 ms] Found plugin google_maps_flutter at C:\Users\Stephen\AppData\Local\Pub\Cache\hosted\pub.dev\google_maps_flutter-2.17.0\
[   +4 ms] Found plugin google_maps_flutter_web at C:\Users\Stephen\AppData\Local\Pub\Cache\hosted\pub.dev\google_maps_flutter_web-0.6.2\
[  +17 ms] Found plugin google_maps_flutter_ios at C:\Users\Stephen\AppData\Local\Pub\Cache\hosted\pub.dev\google_maps_flutter_ios-2.18.1\
[   +2 ms] Found plugin google_maps_flutter_android at C:\Users\Stephen\AppData\Local\Pub\Cache\hosted\pub.dev\google_maps_flutter_android-2.19.6\
[   +2 ms] Found plugin flutter_plugin_android_lifecycle at C:\Users\Stephen\AppData\Local\Pub\Cache\hosted\pub.dev\flutter_plugin_android_lifecycle-2.0.34\
[   +8 ms] Found plugin geolocator at C:\Users\Stephen\AppData\Local\Pub\Cache\hosted\pub.dev\geolocator-14.0.2\
[   +2 ms] Found plugin geolocator_windows at C:\Users\Stephen\AppData\Local\Pub\Cache\hosted\pub.dev\geolocator_windows-0.2.5\
[   +4 ms] Found plugin geolocator_web at C:\Users\Stephen\AppData\Local\Pub\Cache\hosted\pub.dev\geolocator_web-4.1.3\
[   +2 ms] Found plugin geolocator_linux at C:\Users\Stephen\AppData\Local\Pub\Cache\hosted\pub.dev\geolocator_linux-0.2.4\
[   +2 ms] Found plugin package_info_plus at C:\Users\Stephen\AppData\Local\Pub\Cache\hosted\pub.dev\package_info_plus-9.0.1\
[  +24 ms] Found plugin geolocator_apple at C:\Users\Stephen\AppData\Local\Pub\Cache\hosted\pub.dev\geolocator_apple-2.3.13\
[   +2 ms] Found plugin geolocator_android at C:\Users\Stephen\AppData\Local\Pub\Cache\hosted\pub.dev\geolocator_android-5.0.2\
[  +10 ms] Found plugin flutter_local_notifications at C:\Users\Stephen\AppData\Local\Pub\Cache\hosted\pub.dev\flutter_local_notifications-21.0.0\
[   +6 ms] Found plugin flutter_local_notifications_windows at C:\Users\Stephen\AppData\Local\Pub\Cache\hosted\pub.dev\flutter_local_notifications_windows-3.0.0\
[   +3 ms] Found plugin flutter_local_notifications_linux at C:\Users\Stephen\AppData\Local\Pub\Cache\hosted\pub.dev\flutter_local_notifications_linux-8.0.0\
[   +5 ms] Found plugin firebase_messaging at C:\Users\Stephen\AppData\Local\Pub\Cache\hosted\pub.dev\firebase_messaging-16.1.3\
[   +4 ms] Found plugin firebase_messaging_web at C:\Users\Stephen\AppData\Local\Pub\Cache\hosted\pub.dev\firebase_messaging_web-4.1.4\
[   +4 ms] Found plugin firebase_core at C:\Users\Stephen\AppData\Local\Pub\Cache\hosted\pub.dev\firebase_core-4.6.0\
[   +3 ms] Found plugin firebase_core_web at C:\Users\Stephen\AppData\Local\Pub\Cache\hosted\pub.dev\firebase_core_web-3.5.1\
[   +7 ms] Found plugin firebase_auth at C:\Users\Stephen\AppData\Local\Pub\Cache\hosted\pub.dev\firebase_auth-6.3.0\
[   +2 ms] Found plugin firebase_auth_web at C:\Users\Stephen\AppData\Local\Pub\Cache\hosted\pub.dev\firebase_auth_web-6.1.4\
[   +7 ms] Found plugin cloud_firestore at C:\Users\Stephen\AppData\Local\Pub\Cache\hosted\pub.dev\cloud_firestore-6.2.0\
[   +5 ms] Found plugin cloud_firestore_web at C:\Users\Stephen\AppData\Local\Pub\Cache\hosted\pub.dev\cloud_firestore_web-5.2.0\
[ +106 ms] Found plugin url_launcher at C:\Users\Stephen\AppData\Local\Pub\Cache\hosted\pub.dev\url_launcher-6.3.2\
[   +3 ms] Found plugin url_launcher_windows at C:\Users\Stephen\AppData\Local\Pub\Cache\hosted\pub.dev\url_launcher_windows-3.1.5\
[   +5 ms] Found plugin url_launcher_web at C:\Users\Stephen\AppData\Local\Pub\Cache\hosted\pub.dev\url_launcher_web-2.4.2\
[   +3 ms] Found plugin url_launcher_macos at C:\Users\Stephen\AppData\Local\Pub\Cache\hosted\pub.dev\url_launcher_macos-3.2.5\
[   +1 ms] Found plugin url_launcher_linux at C:\Users\Stephen\AppData\Local\Pub\Cache\hosted\pub.dev\url_launcher_linux-3.2.2\
[   +2 ms] Found plugin url_launcher_ios at C:\Users\Stephen\AppData\Local\Pub\Cache\hosted\pub.dev\url_launcher_ios-6.4.1\
[   +2 ms] Found plugin url_launcher_android at C:\Users\Stephen\AppData\Local\Pub\Cache\hosted\pub.dev\url_launcher_android-6.3.29\
[   +1 ms] Found plugin shared_preferences at C:\Users\Stephen\AppData\Local\Pub\Cache\hosted\pub.dev\shared_preferences-2.5.5\
[   +2 ms] Found plugin shared_preferences_windows at C:\Users\Stephen\AppData\Local\Pub\Cache\hosted\pub.dev\shared_preferences_windows-2.4.1\
[   +3 ms] Found plugin path_provider_windows at C:\Users\Stephen\AppData\Local\Pub\Cache\hosted\pub.dev\path_provider_windows-2.3.0\
[   +6 ms] Found plugin shared_preferences_web at C:\Users\Stephen\AppData\Local\Pub\Cache\hosted\pub.dev\shared_preferences_web-2.4.3\
[   +1 ms] Found plugin shared_preferences_linux at C:\Users\Stephen\AppData\Local\Pub\Cache\hosted\pub.dev\shared_preferences_linux-2.4.1\
[   +2 ms] Found plugin path_provider_linux at C:\Users\Stephen\AppData\Local\Pub\Cache\hosted\pub.dev\path_provider_linux-2.2.1\
[   +2 ms] Found plugin shared_preferences_foundation at C:\Users\Stephen\AppData\Local\Pub\Cache\hosted\pub.dev\shared_preferences_foundation-2.5.6\
[   +1 ms] Found plugin shared_preferences_android at C:\Users\Stephen\AppData\Local\Pub\Cache\hosted\pub.dev\shared_preferences_android-2.4.23\
[   +6 ms] Found plugin google_maps_flutter at C:\Users\Stephen\AppData\Local\Pub\Cache\hosted\pub.dev\google_maps_flutter-2.17.0\
[   +3 ms] Found plugin google_maps_flutter_web at C:\Users\Stephen\AppData\Local\Pub\Cache\hosted\pub.dev\google_maps_flutter_web-0.6.2\
[   +9 ms] Found plugin google_maps_flutter_ios at C:\Users\Stephen\AppData\Local\Pub\Cache\hosted\pub.dev\google_maps_flutter_ios-2.18.1\
[   +3 ms] Found plugin google_maps_flutter_android at C:\Users\Stephen\AppData\Local\Pub\Cache\hosted\pub.dev\google_maps_flutter_android-2.19.6\
[   +1 ms] Found plugin flutter_plugin_android_lifecycle at C:\Users\Stephen\AppData\Local\Pub\Cache\hosted\pub.dev\flutter_plugin_android_lifecycle-2.0.34\
[   +5 ms] Found plugin geolocator at C:\Users\Stephen\AppData\Local\Pub\Cache\hosted\pub.dev\geolocator-14.0.2\
[   +1 ms] Found plugin geolocator_windows at C:\Users\Stephen\AppData\Local\Pub\Cache\hosted\pub.dev\geolocator_windows-0.2.5\
[   +4 ms] Found plugin geolocator_web at C:\Users\Stephen\AppData\Local\Pub\Cache\hosted\pub.dev\geolocator_web-4.1.3\
[   +1 ms] Found plugin geolocator_linux at C:\Users\Stephen\AppData\Local\Pub\Cache\hosted\pub.dev\geolocator_linux-0.2.4\
[   +2 ms] Found plugin package_info_plus at C:\Users\Stephen\AppData\Local\Pub\Cache\hosted\pub.dev\package_info_plus-9.0.1\
[  +13 ms] Found plugin geolocator_apple at C:\Users\Stephen\AppData\Local\Pub\Cache\hosted\pub.dev\geolocator_apple-2.3.13\
[   +3 ms] Found plugin geolocator_android at C:\Users\Stephen\AppData\Local\Pub\Cache\hosted\pub.dev\geolocator_android-5.0.2\
[   +7 ms] Found plugin flutter_local_notifications at C:\Users\Stephen\AppData\Local\Pub\Cache\hosted\pub.dev\flutter_local_notifications-21.0.0\
[   +2 ms] Found plugin flutter_local_notifications_windows at C:\Users\Stephen\AppData\Local\Pub\Cache\hosted\pub.dev\flutter_local_notifications_windows-3.0.0\
[   +4 ms] Found plugin flutter_local_notifications_linux at C:\Users\Stephen\AppData\Local\Pub\Cache\hosted\pub.dev\flutter_local_notifications_linux-8.0.0\
[   +2 ms] Found plugin firebase_messaging at C:\Users\Stephen\AppData\Local\Pub\Cache\hosted\pub.dev\firebase_messaging-16.1.3\
[   +1 ms] Found plugin firebase_messaging_web at C:\Users\Stephen\AppData\Local\Pub\Cache\hosted\pub.dev\firebase_messaging_web-4.1.4\
[   +4 ms] Found plugin firebase_core at C:\Users\Stephen\AppData\Local\Pub\Cache\hosted\pub.dev\firebase_core-4.6.0\
[   +1 ms] Found plugin firebase_core_web at C:\Users\Stephen\AppData\Local\Pub\Cache\hosted\pub.dev\firebase_core_web-3.5.1\
[   +5 ms] Found plugin firebase_auth at C:\Users\Stephen\AppData\Local\Pub\Cache\hosted\pub.dev\firebase_auth-6.3.0\
[   +2 ms] Found plugin firebase_auth_web at C:\Users\Stephen\AppData\Local\Pub\Cache\hosted\pub.dev\firebase_auth_web-6.1.4\
[   +5 ms] Found plugin cloud_firestore at C:\Users\Stephen\AppData\Local\Pub\Cache\hosted\pub.dev\cloud_firestore-6.2.0\
[   +1 ms] Found plugin cloud_firestore_web at C:\Users\Stephen\AppData\Local\Pub\Cache\hosted\pub.dev\cloud_firestore_web-5.2.0\
[  +15 ms] Skipping generating web_plugin_registrant.dart because it is up-to-date.
[  +62 ms] Found plugin url_launcher at C:\Users\Stephen\AppData\Local\Pub\Cache\hosted\pub.dev\url_launcher-6.3.2\
[   +1 ms] Found plugin url_launcher_windows at C:\Users\Stephen\AppData\Local\Pub\Cache\hosted\pub.dev\url_launcher_windows-3.1.5\
[   +5 ms] Found plugin url_launcher_web at C:\Users\Stephen\AppData\Local\Pub\Cache\hosted\pub.dev\url_launcher_web-2.4.2\
[   +3 ms] Found plugin url_launcher_macos at C:\Users\Stephen\AppData\Local\Pub\Cache\hosted\pub.dev\url_launcher_macos-3.2.5\
[   +1 ms] Found plugin url_launcher_linux at C:\Users\Stephen\AppData\Local\Pub\Cache\hosted\pub.dev\url_launcher_linux-3.2.2\
[   +1 ms] Found plugin url_launcher_ios at C:\Users\Stephen\AppData\Local\Pub\Cache\hosted\pub.dev\url_launcher_ios-6.4.1\
[   +3 ms] Found plugin url_launcher_android at C:\Users\Stephen\AppData\Local\Pub\Cache\hosted\pub.dev\url_launcher_android-6.3.29\
[   +2 ms] Found plugin shared_preferences at C:\Users\Stephen\AppData\Local\Pub\Cache\hosted\pub.dev\shared_preferences-2.5.5\
[   +1 ms] Found plugin shared_preferences_windows at C:\Users\Stephen\AppData\Local\Pub\Cache\hosted\pub.dev\shared_preferences_windows-2.4.1\
[   +4 ms] Found plugin path_provider_windows at C:\Users\Stephen\AppData\Local\Pub\Cache\hosted\pub.dev\path_provider_windows-2.3.0\
[   +8 ms] Found plugin shared_preferences_web at C:\Users\Stephen\AppData\Local\Pub\Cache\hosted\pub.dev\shared_preferences_web-2.4.3\
[   +1 ms] Found plugin shared_preferences_linux at C:\Users\Stephen\AppData\Local\Pub\Cache\hosted\pub.dev\shared_preferences_linux-2.4.1\
[   +2 ms] Found plugin path_provider_linux at C:\Users\Stephen\AppData\Local\Pub\Cache\hosted\pub.dev\path_provider_linux-2.2.1\
[   +3 ms] Found plugin shared_preferences_foundation at C:\Users\Stephen\AppData\Local\Pub\Cache\hosted\pub.dev\shared_preferences_foundation-2.5.6\
[   +2 ms] Found plugin shared_preferences_android at C:\Users\Stephen\AppData\Local\Pub\Cache\hosted\pub.dev\shared_preferences_android-2.4.23\
[   +6 ms] Found plugin google_maps_flutter at C:\Users\Stephen\AppData\Local\Pub\Cache\hosted\pub.dev\google_maps_flutter-2.17.0\
[   +3 ms] Found plugin google_maps_flutter_web at C:\Users\Stephen\AppData\Local\Pub\Cache\hosted\pub.dev\google_maps_flutter_web-0.6.2\
[  +11 ms] Found plugin google_maps_flutter_ios at C:\Users\Stephen\AppData\Local\Pub\Cache\hosted\pub.dev\google_maps_flutter_ios-2.18.1\
[   +3 ms] Found plugin google_maps_flutter_android at C:\Users\Stephen\AppData\Local\Pub\Cache\hosted\pub.dev\google_maps_flutter_android-2.19.6\
[   +1 ms] Found plugin flutter_plugin_android_lifecycle at C:\Users\Stephen\AppData\Local\Pub\Cache\hosted\pub.dev\flutter_plugin_android_lifecycle-2.0.34\
[   +5 ms] Found plugin geolocator at C:\Users\Stephen\AppData\Local\Pub\Cache\hosted\pub.dev\geolocator-14.0.2\
[   +1 ms] Found plugin geolocator_windows at C:\Users\Stephen\AppData\Local\Pub\Cache\hosted\pub.dev\geolocator_windows-0.2.5\
[   +4 ms] Found plugin geolocator_web at C:\Users\Stephen\AppData\Local\Pub\Cache\hosted\pub.dev\geolocator_web-4.1.3\
[   +1 ms] Found plugin geolocator_linux at C:\Users\Stephen\AppData\Local\Pub\Cache\hosted\pub.dev\geolocator_linux-0.2.4\
[   +1 ms] Found plugin package_info_plus at C:\Users\Stephen\AppData\Local\Pub\Cache\hosted\pub.dev\package_info_plus-9.0.1\
[  +11 ms] Found plugin geolocator_apple at C:\Users\Stephen\AppData\Local\Pub\Cache\hosted\pub.dev\geolocator_apple-2.3.13\
[   +1 ms] Found plugin geolocator_android at C:\Users\Stephen\AppData\Local\Pub\Cache\hosted\pub.dev\geolocator_android-5.0.2\
[   +5 ms] Found plugin flutter_local_notifications at C:\Users\Stephen\AppData\Local\Pub\Cache\hosted\pub.dev\flutter_local_notifications-21.0.0\
[   +5 ms] Found plugin flutter_local_notifications_windows at C:\Users\Stephen\AppData\Local\Pub\Cache\hosted\pub.dev\flutter_local_notifications_windows-3.0.0\
[   +2 ms] Found plugin flutter_local_notifications_linux at C:\Users\Stephen\AppData\Local\Pub\Cache\hosted\pub.dev\flutter_local_notifications_linux-8.0.0\
[   +3 ms] Found plugin firebase_messaging at C:\Users\Stephen\AppData\Local\Pub\Cache\hosted\pub.dev\firebase_messaging-16.1.3\
[   +1 ms] Found plugin firebase_messaging_web at C:\Users\Stephen\AppData\Local\Pub\Cache\hosted\pub.dev\firebase_messaging_web-4.1.4\
[   +3 ms] Found plugin firebase_core at C:\Users\Stephen\AppData\Local\Pub\Cache\hosted\pub.dev\firebase_core-4.6.0\
[   +2 ms] Found plugin firebase_core_web at C:\Users\Stephen\AppData\Local\Pub\Cache\hosted\pub.dev\firebase_core_web-3.5.1\
[   +4 ms] Found plugin firebase_auth at C:\Users\Stephen\AppData\Local\Pub\Cache\hosted\pub.dev\firebase_auth-6.3.0\
[   +2 ms] Found plugin firebase_auth_web at C:\Users\Stephen\AppData\Local\Pub\Cache\hosted\pub.dev\firebase_auth_web-6.1.4\
[   +4 ms] Found plugin cloud_firestore at C:\Users\Stephen\AppData\Local\Pub\Cache\hosted\pub.dev\cloud_firestore-6.2.0\
[   +2 ms] Found plugin cloud_firestore_web at C:\Users\Stephen\AppData\Local\Pub\Cache\hosted\pub.dev\cloud_firestore_web-5.2.0\
[   +8 ms] Generating C:\Users\Stephen\Desktop\tone\app\android\app\src\main\java\io\flutter\plugins\GeneratedPluginRegistrant.java
[   +3 ms] Skipping generating GeneratedPluginRegistrant.java because it is up-to-date.
[   +7 ms] Skipping generating generated_plugin_registrant.h because it is up-to-date.
[   +1 ms] Skipping generating generated_plugin_registrant.cc because it is up-to-date.
[   +1 ms] Skipping generating generated_plugins.cmake because it is up-to-date.
[   +4 ms] Skipping generating generated_plugin_registrant.h because it is up-to-date.
[   +1 ms] Skipping generating generated_plugin_registrant.cc because it is up-to-date.
[   +1 ms] Skipping generating generated_plugins.cmake because it is up-to-date.
[   +4 ms] Skipping generating GeneratedPluginRegistrant.h because it is up-to-date.
[   +1 ms] Skipping generating GeneratedPluginRegistrant.m because it is up-to-date.
[   +3 ms] Skipping generating GeneratedPluginRegistrant.swift because it is up-to-date.
[ +110 ms] executing: C:\Program Files\Android\Android Studio\jbr\bin\java -version
[ +156 ms] Exit code 0 from: C:\Program Files\Android\Android Studio\jbr\bin\java -version
[        ] openjdk version "21.0.10" 2026-01-20
           OpenJDK Runtime Environment (build 21.0.10+-14961533-b1163.108)
           OpenJDK 64-Bit Server VM (build 21.0.10+-14961533-b1163.108, mixed mode)
[   +9 ms] Top-level Gradle build file not found, skipping migration of task "clean".
[   +4 ms] executing: C:\Program Files\Android\Android Studio\jbr\bin\java --version
[ +163 ms] Exit code 0 from: C:\Program Files\Android\Android Studio\jbr\bin\java --version
[        ] openjdk 21.0.10 2026-01-20
           OpenJDK Runtime Environment (build 21.0.10+-14961533-b1163.108)
           OpenJDK 64-Bit Server VM (build 21.0.10+-14961533-b1163.108, mixed mode)
[   +2 ms] Version of Java is different than impacted version, no migration attempted.
[  +19 ms] CMake project not found, skipping support Android 15 16k page size migration.
[   +5 ms] Using gradle from C:\Users\Stephen\Desktop\tone\app\android\gradlew.bat.
[  +15 ms] LocalFile: 'C:\Users\Stephen\Desktop\tone\app\android\build.gradle.kts' doesn't provide an AGP version. Checking settings.
[   +1 ms] LocalFile: 'C:\Users\Stephen\Desktop\tone\app\android\settings.gradle.kts' provides AGP version: 8.11.1
[   +6 ms] Running Gradle task 'assembleDebug'...
[        ] executing: [C:\Users\Stephen\Desktop\tone\app\android/] C:\Users\Stephen\Desktop\tone\app\android\gradlew.bat --full-stacktrace --info -Pverbose=true -Ptarget-platform=android-arm,android-arm64,android-x64 -Ptarget=lib\main.dart -Pbase-application-name=android.app.Application -Pdart-defines=RkxVVFRFUl9WRVJTSU9OPTMuNDEuOQ==,RkxVVFRFUl9DSEFOTkVMPXN0YWJsZQ==,RkxVVFRFUl9HSVRfVVJMPWh0dHBzOi8vZ2l0aHViLmNvbS9mbHV0dGVyL2ZsdXR0ZXIuZ2l0,RkxVVFRFUl9GUkFNRVdPUktfUkVWSVNJT049MDBiMGM5MWYwNg==,RkxVVFRFUl9FTkdJTkVfUkVWSVNJT049NDJkM2Q3NWE1Ng==,RkxVVFRFUl9EQVJUX1ZFUlNJT049My4xMS41 -Pdart-obfuscation=false -Ptrack-widget-creation=true -Ptree-shake-icons=false assembleDebug
[+1228 ms] Initialized native services in: C:\Users\Stephen\.gradle\native
[   +1 ms] Initialized jansi services in: C:\Users\Stephen\.gradle\native
[ +541 ms] The client will now receive all logging from the daemon (pid: 38376). The daemon log file: C:\Users\Stephen\.gradle\daemon\8.14\daemon-38376.out.log
[        ] Starting 15th build in daemon [uptime: 11 mins 35.012 secs, performance: 100%, GC rate: 0.00/s, heap usage: 0% of 8 GiB, non-heap usage: 5% of 4 GiB]
[        ] Using 20 worker leases.
[        ] Now considering [C:\Users\Stephen\Desktop\tone\app\android, C:\src\flutter\packages\flutter_tools\gradle] as hierarchies to watch
[        ] Watching the file system is configured to be enabled if available
[        ] File system watching is active
[        ] Starting Build
[  +88 ms] Now considering [C:\src\flutter\packages\flutter_tools\gradle, C:\Users\Stephen\Desktop\tone\app\android] as hierarchies to watch
[ +110 ms] > Configure project :gradle
[        ] Evaluating project ':gradle' using build file 'C:\src\flutter\packages\flutter_tools\gradle\build.gradle.kts'.
[        ] Resolved plugin [id: 'org.gradle.java-gradle-plugin']
[        ] Resolved plugin [id: 'org.gradle.groovy']
[        ] Resolved plugin [id: 'org.gradle.kotlin.kotlin-dsl', version: '5.2.0']
[        ] Resolved plugin [id: 'org.jetbrains.kotlin.jvm', version: '1.9.20']
[        ] Using Kotlin Gradle Plugin gradle85 variant
[        ] kotlin scripting plugin: created the scripting discovery configuration: kotlinScriptDef
[        ] kotlin scripting plugin: created the scripting discovery configuration: testKotlinScriptDef
[        ] file or directory 'C:\src\flutter\packages\flutter_tools\gradle\src\main\java', not found
[        ] Resolved plugin [id: 'dev.flutter.flutter-plugin-loader', version: '1.0.0']
[        ] Resolved plugin [id: 'com.android.application', version: '8.11.1', apply: false]
[        ] Resolved plugin [id: 'com.google.gms.google-services', version: '4.3.15', apply: false]
[        ] Resolved plugin [id: 'org.jetbrains.kotlin.android', version: '2.2.20', apply: false]
[        ] Resolve mutations for :gradle:checkKotlinGradlePluginConfigurationErrors (Thread[#3430,Execution worker,5,main]) started.
[  +90 ms] :gradle:checkKotlinGradlePluginConfigurationErrors (Thread[#3430,Execution worker,5,main]) started.
[   +1 ms] > Task :gradle:checkKotlinGradlePluginConfigurationErrors SKIPPED
[        ] Skipping task ':gradle:checkKotlinGradlePluginConfigurationErrors' as task onlyIf 'errorDiagnostics are present' is false.
[        ] Resolve mutations for :gradle:compileKotlin (Thread[#3430,Execution worker,5,main]) started.
[        ] :gradle:compileKotlin (Thread[#3430,Execution worker,5,main]) started.
[        ] > Task :gradle:compileKotlin UP-TO-DATE
[        ] Caching disabled for task ':gradle:compileKotlin' because:
[        ]   Build cache is disabled
[        ] Skipping task ':gradle:compileKotlin' as it is up-to-date.
[        ] Resolve mutations for :gradle:compileJava (Thread[#3430,Execution worker,5,main]) started.
[        ] :gradle:compileJava (Thread[#3430,Execution worker,5,main]) started.
[        ] > Task :gradle:compileJava NO-SOURCE
[        ] Skipping task ':gradle:compileJava' as it has no source files and no previous output files.
[        ] Resolve mutations for :gradle:compileGroovy (Thread[#3430,Execution worker,5,main]) started.
[        ] :gradle:compileGroovy (Thread[#3430,Execution worker,5,main]) started.
[        ] > Task :gradle:compileGroovy NO-SOURCE
[        ] Skipping task ':gradle:compileGroovy' as it has no source files and no previous output files.
[        ] Resolve mutations for :gradle:pluginDescriptors (Thread[#3430,Execution worker,5,main]) started.
[        ] :gradle:pluginDescriptors (Thread[#3430,Execution worker,5,main]) started.
[        ] > Task :gradle:pluginDescriptors UP-TO-DATE
[        ] Caching disabled for task ':gradle:pluginDescriptors' because:
[        ]   Build cache is disabled
[        ]   Not worth caching
[        ] Skipping task ':gradle:pluginDescriptors' as it is up-to-date.
[        ] Resolve mutations for :gradle:processResources (Thread[#3430,Execution worker,5,main]) started.
[        ] :gradle:processResources (Thread[#3430,Execution worker,5,main]) started.
[        ] > Task :gradle:processResources UP-TO-DATE
[        ] Caching disabled for task ':gradle:processResources' because:
[        ]   Build cache is disabled
[        ]   Not worth caching
[        ] Skipping task ':gradle:processResources' as it is up-to-date.
[        ] Resolve mutations for :gradle:classes (Thread[#3430,Execution worker,5,main]) started.
[        ] :gradle:classes (Thread[#3430,Execution worker,5,main]) started.
[        ] > Task :gradle:classes UP-TO-DATE
[        ] Skipping task ':gradle:classes' as it has no actions.
[        ] Resolve mutations for :gradle:jar (Thread[#3430,Execution worker,5,main]) started.
[        ] :gradle:jar (Thread[#3430,Execution worker,5,main]) started.
[        ] > Task :gradle:jar UP-TO-DATE
[        ] Caching disabled for task ':gradle:jar' because:
[        ]   Build cache is disabled
[        ]   Not worth caching
[        ] Skipping task ':gradle:jar' as it is up-to-date.
[ +196 ms] Settings evaluated using settings file 'C:\Users\Stephen\Desktop\tone\app\android\settings.gradle.kts'.
[        ] Projects loaded. Root project using build file 'C:\Users\Stephen\Desktop\tone\app\android\build.gradle.kts'.
[        ] Included projects: [root project 'android', project ':app', project ':cloud_firestore', project ':firebase_auth', project ':firebase_core', project ':firebase_messaging', project ':flutter_local_notifications', project ':flutter_plugin_android_lifecycle', project ':geolocator_android', project ':google_maps_flutter_android', project ':package_info_plus', project ':shared_preferences_android', project ':url_launcher_android']
[ +203 ms] > Configure project :app
[        ] Evaluating project ':app' using build file 'C:\Users\Stephen\Desktop\tone\app\android\app\build.gradle.kts'.
[        ] Resolved plugin [id: 'com.android.application']
[        ] Resolved plugin [id: 'com.google.gms.google-services']
[        ] Resolved plugin [id: 'kotlin-android']
[        ] Resolved plugin [id: 'dev.flutter.flutter-gradle-plugin']
[        ] Using default execution profile
[        ] Build 60be9307-dea2-4366-bfcb-58a805ecb0c4 is started
[        ] Using Kotlin Gradle Plugin gradle813 variant
[        ] C/C++: android.ndkVersion from module build.gradle is [28.2.13676358]
[        ] C/C++: android.ndkPath from module build.gradle is not set
[        ] C/C++: ndk.dir in local.properties is not set
[        ] C/C++: Not considering ANDROID_NDK_HOME because support was removed after deprecation period.
[        ] C/C++: sdkFolder is C:\Users\Stephen\AppData\Local\Android\sdk
[        ] C/C++: android.ndkVersion from module build.gradle is [28.2.13676358]
[        ] C/C++: android.ndkPath from module build.gradle is not set
[        ] C/C++: ndk.dir in local.properties is not set
[        ] C/C++: Not considering ANDROID_NDK_HOME because support was removed after deprecation period.
[        ] C/C++: sdkFolder is C:\Users\Stephen\AppData\Local\Android\sdk
[        ] C/C++: android.ndkVersion from module build.gradle is [28.2.13676358]
[        ] C/C++: android.ndkPath from module build.gradle is not set
[        ] C/C++: ndk.dir in local.properties is not set
[        ] C/C++: Not considering ANDROID_NDK_HOME because support was removed after deprecation period.
[        ] C/C++: sdkFolder is C:\Users\Stephen\AppData\Local\Android\sdk
[        ] C/C++: android.ndkVersion from module build.gradle is [28.2.13676358]
[        ] C/C++: android.ndkPath from module build.gradle is not set
[   +1 ms] C/C++: ndk.dir in local.properties is not set
[        ] C/C++: Not considering ANDROID_NDK_HOME because support was removed after deprecation period.
[        ] C/C++: sdkFolder is C:\Users\Stephen\AppData\Local\Android\sdk
[        ] C/C++: android.ndkVersion from module build.gradle is [28.2.13676358]
[        ] C/C++: android.ndkPath from module build.gradle is not set
[        ] C/C++: ndk.dir in local.properties is not set
[        ] C/C++: Not considering ANDROID_NDK_HOME because support was removed after deprecation period.
[        ] C/C++: sdkFolder is C:\Users\Stephen\AppData\Local\Android\sdk
[        ] C/C++: android.ndkVersion from module build.gradle is [28.2.13676358]
[        ] C/C++: android.ndkPath from module build.gradle is not set
[        ] C/C++: ndk.dir in local.properties is not set
[        ] C/C++: Not considering ANDROID_NDK_HOME because support was removed after deprecation period.
[        ] C/C++: sdkFolder is C:\Users\Stephen\AppData\Local\Android\sdk
[        ] C/C++: android.ndkVersion from module build.gradle is [28.2.13676358]
[        ] C/C++: android.ndkPath from module build.gradle is not set
[        ] C/C++: ndk.dir in local.properties is not set
[        ] C/C++: Not considering ANDROID_NDK_HOME because support was removed after deprecation period.
[        ] C/C++: sdkFolder is C:\Users\Stephen\AppData\Local\Android\sdk
[        ] C/C++: android.ndkVersion from module build.gradle is [28.2.13676358]
[        ] C/C++: android.ndkPath from module build.gradle is not set
[        ] C/C++: ndk.dir in local.properties is not set
[        ] C/C++: Not considering ANDROID_NDK_HOME because support was removed after deprecation period.
[        ] C/C++: sdkFolder is C:\Users\Stephen\AppData\Local\Android\sdk
[        ] C/C++: android.ndkVersion from module build.gradle is [28.2.13676358]
[        ] C/C++: android.ndkPath from module build.gradle is not set
[        ] C/C++: ndk.dir in local.properties is not set
[        ] C/C++: Not considering ANDROID_NDK_HOME because support was removed after deprecation period.
[        ] C/C++: sdkFolder is C:\Users\Stephen\AppData\Local\Android\sdk
[        ] C/C++: android.ndkVersion from module build.gradle is [28.2.13676358]
[        ] C/C++: android.ndkPath from module build.gradle is not set
[        ] C/C++: ndk.dir in local.properties is not set
[        ] C/C++: Not considering ANDROID_NDK_HOME because support was removed after deprecation period.
[        ] C/C++: sdkFolder is C:\Users\Stephen\AppData\Local\Android\sdk
[        ] C/C++: android.ndkVersion from module build.gradle is [28.2.13676358]
[        ] C/C++: android.ndkPath from module build.gradle is not set
[        ] C/C++: ndk.dir in local.properties is not set
[        ] C/C++: Not considering ANDROID_NDK_HOME because support was removed after deprecation period.
[        ] C/C++: sdkFolder is C:\Users\Stephen\AppData\Local\Android\sdk
[        ] C/C++: android.ndkVersion from module build.gradle is [28.2.13676358]
[        ] C/C++: android.ndkPath from module build.gradle is not set
[        ] C/C++: ndk.dir in local.properties is not set
[        ] C/C++: Not considering ANDROID_NDK_HOME because support was removed after deprecation period.
[        ] C/C++: sdkFolder is C:\Users\Stephen\AppData\Local\Android\sdk
[        ] C/C++: android.ndkVersion from module build.gradle is [28.2.13676358]
[        ] C/C++: android.ndkPath from module build.gradle is not set
[        ] C/C++: ndk.dir in local.properties is not set
[        ] C/C++: Not considering ANDROID_NDK_HOME because support was removed after deprecation period.
[        ] C/C++: sdkFolder is C:\Users\Stephen\AppData\Local\Android\sdk
[        ] C/C++: android.ndkVersion from module build.gradle is [28.2.13676358]
[        ] C/C++: android.ndkPath from module build.gradle is not set
[        ] C/C++: ndk.dir in local.properties is not set
[        ] C/C++: Not considering ANDROID_NDK_HOME because support was removed after deprecation period.
[        ] C/C++: sdkFolder is C:\Users\Stephen\AppData\Local\Android\sdk
[        ] C/C++: android.ndkVersion from module build.gradle is [28.2.13676358]
[        ] C/C++: android.ndkPath from module build.gradle is not set
[        ] C/C++: ndk.dir in local.properties is not set
[        ] C/C++: Not considering ANDROID_NDK_HOME because support was removed after deprecation period.
[        ] C/C++: sdkFolder is C:\Users\Stephen\AppData\Local\Android\sdk
[        ] C/C++: android.ndkVersion from module build.gradle is [28.2.13676358]
[        ] C/C++: android.ndkPath from module build.gradle is not set
[        ] C/C++: ndk.dir in local.properties is not set
[        ] C/C++: Not considering ANDROID_NDK_HOME because support was removed after deprecation period.
[        ] C/C++: sdkFolder is C:\Users\Stephen\AppData\Local\Android\sdk
[        ] C/C++: android.ndkVersion from module build.gradle is [28.2.13676358]
[        ] C/C++: android.ndkPath from module build.gradle is not set
[        ] C/C++: ndk.dir in local.properties is not set
[        ] C/C++: Not considering ANDROID_NDK_HOME because support was removed after deprecation period.
[        ] C/C++: sdkFolder is C:\Users\Stephen\AppData\Local\Android\sdk
[        ] C/C++: android.ndkVersion from module build.gradle is [28.2.13676358]
[        ] C/C++: android.ndkPath from module build.gradle is not set
[        ] C/C++: ndk.dir in local.properties is not set
[        ] C/C++: Not considering ANDROID_NDK_HOME because support was removed after deprecation period.
[        ] C/C++: sdkFolder is C:\Users\Stephen\AppData\Local\Android\sdk
[        ] C/C++: android.ndkVersion from module build.gradle is [28.2.13676358]
[        ] C/C++: android.ndkPath from module build.gradle is not set
[        ] C/C++: ndk.dir in local.properties is not set
[        ] C/C++: Not considering ANDROID_NDK_HOME because support was removed after deprecation period.
[        ] C/C++: sdkFolder is C:\Users\Stephen\AppData\Local\Android\sdk
[        ] > Configure project :
[        ] Evaluating root project 'android' using build file 'C:\Users\Stephen\Desktop\tone\app\android\build.gradle.kts'.
[ +175 ms] > Configure project :cloud_firestore
[        ] Evaluating project ':cloud_firestore' using build file 'C:\Users\Stephen\AppData\Local\Pub\Cache\hosted\pub.dev\cloud_firestore-6.2.0\android\build.gradle'.
[        ] Using default execution profile
[        ] > Configure project :firebase_auth
[        ] Evaluating project ':firebase_auth' using build file 'C:\Users\Stephen\AppData\Local\Pub\Cache\hosted\pub.dev\firebase_auth-6.3.0\android\build.gradle'.
[        ] Using default execution profile
[        ] > Configure project :firebase_core
[        ] Evaluating project ':firebase_core' using build file 'C:\Users\Stephen\AppData\Local\Pub\Cache\hosted\pub.dev\firebase_core-4.6.0\android\build.gradle'.
[        ] Using default execution profile
[  +91 ms] > Configure project :firebase_messaging
[        ] Evaluating project ':firebase_messaging' using build file 'C:\Users\Stephen\AppData\Local\Pub\Cache\hosted\pub.dev\firebase_messaging-16.1.3\android\build.gradle'.
[        ] Using default execution profile
[        ] > Configure project :flutter_local_notifications
[        ] Evaluating project ':flutter_local_notifications' using build file 'C:\Users\Stephen\AppData\Local\Pub\Cache\hosted\pub.dev\flutter_local_notifications-21.0.0\android\build.gradle'.
[        ] Using default execution profile
[  +92 ms] > Configure project :flutter_plugin_android_lifecycle
[        ] Evaluating project ':flutter_plugin_android_lifecycle' using build file 'C:\Users\Stephen\AppData\Local\Pub\Cache\hosted\pub.dev\flutter_plugin_android_lifecycle-2.0.34\android\build.gradle.kts'.
[        ] Resolved plugin [id: 'com.android.library']
[        ] Using default execution profile
[ +108 ms] > Configure project :geolocator_android
[        ] Evaluating project ':geolocator_android' using build file 'C:\Users\Stephen\AppData\Local\Pub\Cache\hosted\pub.dev\geolocator_android-5.0.2\android\build.gradle'.
[        ] Using default execution profile
[  +91 ms] > Configure project :google_maps_flutter_android
[        ] Evaluating project ':google_maps_flutter_android' using build file 'C:\Users\Stephen\AppData\Local\Pub\Cache\hosted\pub.dev\google_maps_flutter_android-2.19.6\android\build.gradle.kts'.
[        ] Resolved plugin [id: 'com.android.library']
[        ] Using default execution profile
[ +202 ms] > Configure project :package_info_plus
[        ] Evaluating project ':package_info_plus' using build file 'C:\Users\Stephen\AppData\Local\Pub\Cache\hosted\pub.dev\package_info_plus-9.0.1\android\build.gradle'.
[        ] Using default execution profile
[        ] Using Kotlin Gradle Plugin gradle813 variant
[  +93 ms] > Configure project :shared_preferences_android
[        ] Evaluating project ':shared_preferences_android' using build file 'C:\Users\Stephen\AppData\Local\Pub\Cache\hosted\pub.dev\shared_preferences_android-2.4.23\android\build.gradle.kts'.
[        ] Resolved plugin [id: 'com.android.library']
[        ] Resolved plugin [id: 'kotlin-android']
[        ] Using default execution profile
[        ] Using Kotlin Gradle Plugin gradle813 variant
[ +110 ms] > Configure project :url_launcher_android
[        ] Evaluating project ':url_launcher_android' using build file 'C:\Users\Stephen\AppData\Local\Pub\Cache\hosted\pub.dev\url_launcher_android-6.3.29\android\build.gradle.kts'.
[        ] Resolved plugin [id: 'com.android.library']
[        ] Using default execution profile
[        ] All projects evaluated.
[   +1 ms] Task name matched 'assembleDebug'
[        ] Selected primary task 'assembleDebug' from project :
[        ] Build 60be9307-dea2-4366-bfcb-58a805ecb0c4 is closed
[        ] [Incubating] Problems report is available at: file:///C:/Users/Stephen/Desktop/tone/app/build/reports/problems/problems-report.html
flutter : [        ] FAILURE: Build failed with an exception.
At line:1 char:1
+ flutter build apk --debug -v > build_output.txt 2>&1
+ ~~~~~~~~~~~~~~~~~~~~~~~~~~~~~~~~~~~~~~~~~~~~~~~~~~~~
    + CategoryInfo          : NotSpecified: ([        ] FAIL...h an exception.:String) [], RemoteException
    + FullyQualifiedErrorId : NativeCommandError
 
[   +2 ms] * What went wrong:
[        ] Could not determine the dependencies of task ':app:compileDebugJavaWithJavac'.
[        ] > Cannot query the value of this provider because it has no value available.
[        ] * Try:
[        ] > Run with --debug option to get more log output.
[        ] > Run with --scan to get full insights.
[        ] > Get more help at https://help.gradle.org.
[        ] * Exception is:
[        ] org.gradle.api.internal.tasks.TaskDependencyResolveException: Could not determine the dependencies of task 
':app:compileDebugJavaWithJavac'.
[        ] 	at 
org.gradle.api.internal.tasks.CachingTaskDependencyResolveContext.getDependencies(CachingTaskDependencyResolveContext.java:70)
[        ] 	at org.gradle.execution.plan.TaskDependencyResolver.resolveDependenciesFor(TaskDependencyResolver.java:49)
[        ] 	at org.gradle.execution.plan.LocalTaskNode.getDependencies(LocalTaskNode.java:151)
[        ] 	at org.gradle.execution.plan.LocalTaskNode.resolveDependencies(LocalTaskNode.java:125)
[        ] 	at org.gradle.execution.plan.DefaultExecutionPlan.discoverNodeRelationships(DefaultExecutionPlan.java:182)
[        ] 	at org.gradle.execution.plan.DefaultExecutionPlan.doAddEntryNodes(DefaultExecutionPlan.java:154)
[        ] 	at org.gradle.execution.plan.DefaultExecutionPlan.addEntryTasks(DefaultExecutionPlan.java:129)
[        ] 	at org.gradle.execution.plan.DefaultExecutionPlan.addEntryTasks(DefaultExecutionPlan.java:121)
[        ] 	at 
org.gradle.execution.TaskNameResolvingBuildTaskScheduler.scheduleRequestedTasks(TaskNameResolvingBuildTaskScheduler.java:61)
[        ] 	at 
org.gradle.execution.DefaultTasksBuildTaskScheduler.scheduleRequestedTasks(DefaultTasksBuildTaskScheduler.java:72)
[        ] 	at 
org.gradle.initialization.DefaultTaskExecutionPreparer.lambda$scheduleRequestedTasks$0(DefaultTaskExecutionPreparer.java:48)
[        ] 	at org.gradle.internal.Factories$1.create(Factories.java:31)
[        ] 	at org.gradle.internal.work.DefaultWorkerLeaseService.withReplacedLocks(DefaultWorkerLeaseService.java:359)
[        ] 	at org.gradle.api.internal.project.DefaultProjectStateRegistry$DefaultBuildProjectRegistry.withMutableStateOfAllPro
jects(DefaultProjectStateRegistry.java:239)
[        ] 	at org.gradle.api.internal.project.DefaultProjectStateRegistry$DefaultBuildProjectRegistry.withMutableStateOfAllPro
jects(DefaultProjectStateRegistry.java:232)
[        ] 	at 
org.gradle.initialization.DefaultTaskExecutionPreparer.scheduleRequestedTasks(DefaultTaskExecutionPreparer.java:47)
[        ] 	at 
org.gradle.initialization.VintageBuildModelController.lambda$scheduleRequestedTasks$0(VintageBuildModelController.java:76)
[        ] 	at org.gradle.internal.model.StateTransitionController.lambda$inState$1(StateTransitionController.java:99)
[        ] 	at org.gradle.internal.model.StateTransitionController.lambda$inState$2(StateTransitionController.java:114)
[        ] 	at org.gradle.internal.work.DefaultSynchronizer.withLock(DefaultSynchronizer.java:46)
[        ] 	at org.gradle.internal.model.StateTransitionController.inState(StateTransitionController.java:110)
[        ] 	at org.gradle.internal.model.StateTransitionController.inState(StateTransitionController.java:98)
[        ] 	at 
org.gradle.initialization.VintageBuildModelController.scheduleRequestedTasks(VintageBuildModelController.java:76)
[        ] 	at org.gradle.internal.build.DefaultBuildLifecycleController$DefaultWorkGraphBuilder.addRequestedTasks(DefaultBuild
LifecycleController.java:404)
[        ] 	at org.gradle.internal.buildtree.DefaultBuildTreeWorkPreparer.lambda$scheduleRequestedTasks$0(DefaultBuildTreeWorkP
reparer.java:41)
[        ] 	at 
org.gradle.internal.build.DefaultBuildLifecycleController.lambda$populateWorkGraph$7(DefaultBuildLifecycleController.java:189)
[        ] 	at org.gradle.internal.build.DefaultBuildWorkPreparer.populateWorkGraph(DefaultBuildWorkPreparer.java:42)
[        ] 	at org.gradle.internal.build.BuildOperationFiringBuildWorkPreparer$PopulateWorkGraph.populateTaskGraph(BuildOperati
onFiringBuildWorkPreparer.java:106)
[        ] 	at org.gradle.internal.build.BuildOperationFiringBuildWorkPreparer$PopulateWorkGraph.run(BuildOperationFiringBuildW
orkPreparer.java:92)
[        ] 	at org.gradle.internal.operations.DefaultBuildOperationRunner$1.execute(DefaultBuildOperationRunner.java:30)
[        ] 	at org.gradle.internal.operations.DefaultBuildOperationRunner$1.execute(DefaultBuildOperationRunner.java:27)
[        ] 	at org.gradle.internal.operations.DefaultBuildOperationRunner$2.execute(DefaultBuildOperationRunner.java:67)
[        ] 	at org.gradle.internal.operations.DefaultBuildOperationRunner$2.execute(DefaultBuildOperationRunner.java:60)
[        ] 	at org.gradle.internal.operations.DefaultBuildOperationRunner.execute(DefaultBuildOperationRunner.java:167)
[        ] 	at org.gradle.internal.operations.DefaultBuildOperationRunner.execute(DefaultBuildOperationRunner.java:60)
[        ] 	at org.gradle.internal.operations.DefaultBuildOperationRunner.run(DefaultBuildOperationRunner.java:48)
[        ] 	at org.gradle.internal.build.BuildOperationFiringBuildWorkPreparer.populateWorkGraph(BuildOperationFiringBuildWorkP
reparer.java:67)
[        ] 	at 
org.gradle.internal.build.DefaultBuildLifecycleController.lambda$populateWorkGraph$8(DefaultBuildLifecycleController.java:189)
[        ] 	at org.gradle.internal.model.StateTransitionController.lambda$inState$1(StateTransitionController.java:99)
[        ] 	at org.gradle.internal.model.StateTransitionController.lambda$inState$2(StateTransitionController.java:114)
[        ] 	at org.gradle.internal.work.DefaultSynchronizer.withLock(DefaultSynchronizer.java:46)
[        ] 	at org.gradle.internal.model.StateTransitionController.inState(StateTransitionController.java:110)
[        ] 	at org.gradle.internal.model.StateTransitionController.inState(StateTransitionController.java:98)
[        ] 	at 
org.gradle.internal.build.DefaultBuildLifecycleController.populateWorkGraph(DefaultBuildLifecycleController.java:189)
[        ] 	at org.gradle.internal.build.DefaultBuildWorkGraphController$DefaultBuildWorkGraph.populateWorkGraph(DefaultBuildWo
rkGraphController.java:169)
[        ] 	at org.gradle.composite.internal.DefaultBuildController.populateWorkGraph(DefaultBuildController.java:76)
[        ] 	at org.gradle.composite.internal.DefaultIncludedBuildTaskGraph$DefaultBuildTreeWorkGraphBuilder.withWorkGraph(Defau
ltIncludedBuildTaskGraph.java:153)
[        ] 	at org.gradle.internal.buildtree.DefaultBuildTreeWorkPreparer.lambda$scheduleRequestedTasks$1(DefaultBuildTreeWorkP
reparer.java:41)
[        ] 	at org.gradle.composite.internal.DefaultIncludedBuildTaskGraph$DefaultBuildTreeWorkGraph$1.run(DefaultIncludedBuild
TaskGraph.java:209)
[        ] 	at org.gradle.internal.operations.DefaultBuildOperationRunner$1.execute(DefaultBuildOperationRunner.java:30)
[        ] 	at org.gradle.internal.operations.DefaultBuildOperationRunner$1.execute(DefaultBuildOperationRunner.java:27)
[        ] 	at org.gradle.internal.operations.DefaultBuildOperationRunner$2.execute(DefaultBuildOperationRunner.java:67)
[        ] 	at org.gradle.internal.operations.DefaultBuildOperationRunner$2.execute(DefaultBuildOperationRunner.java:60)
[        ] 	at org.gradle.internal.operations.DefaultBuildOperationRunner.execute(DefaultBuildOperationRunner.java:167)
[        ] 	at org.gradle.internal.operations.DefaultBuildOperationRunner.execute(DefaultBuildOperationRunner.java:60)
[        ] 	at org.gradle.internal.operations.DefaultBuildOperationRunner.run(DefaultBuildOperationRunner.java:48)
[        ] 	at org.gradle.composite.internal.DefaultIncludedBuildTaskGraph$DefaultBuildTreeWorkGraph.scheduleWork(DefaultInclud
edBuildTaskGraph.java:204)
[        ] 	at 
org.gradle.internal.buildtree.DefaultBuildTreeWorkPreparer.scheduleRequestedTasks(DefaultBuildTreeWorkPreparer.java:37)
[        ] 	at org.gradle.internal.cc.impl.VintageBuildTreeWorkController$scheduleAndRunRequestedTasks$1.apply(VintageBuildTree
WorkController.kt:36)
[        ] 	at org.gradle.internal.cc.impl.VintageBuildTreeWorkController$scheduleAndRunRequestedTasks$1.apply(VintageBuildTree
WorkController.kt:35)
[        ] 	at 
org.gradle.composite.internal.DefaultIncludedBuildTaskGraph.withNewWorkGraph(DefaultIncludedBuildTaskGraph.java:112)
[        ] 	at 
org.gradle.internal.cc.impl.VintageBuildTreeWorkController.scheduleAndRunRequestedTasks(VintageBuildTreeWorkController.kt:35)
[        ] 	at org.gradle.internal.buildtree.DefaultBuildTreeLifecycleController.lambda$scheduleAndRunTasks$1(DefaultBuildTreeL
ifecycleController.java:77)
[        ] 	at org.gradle.internal.buildtree.DefaultBuildTreeLifecycleController.lambda$runBuild$4(DefaultBuildTreeLifecycleCon
troller.java:120)
[        ] 	at org.gradle.internal.model.StateTransitionController.lambda$transition$6(StateTransitionController.java:169)
[        ] 	at org.gradle.internal.model.StateTransitionController.doTransition(StateTransitionController.java:266)
[        ] 	at org.gradle.internal.model.StateTransitionController.lambda$transition$7(StateTransitionController.java:169)
[        ] 	at org.gradle.internal.work.DefaultSynchronizer.withLock(DefaultSynchronizer.java:46)
[        ] 	at org.gradle.internal.model.StateTransitionController.transition(StateTransitionController.java:169)
[        ] 	at 
org.gradle.internal.buildtree.DefaultBuildTreeLifecycleController.runBuild(DefaultBuildTreeLifecycleController.java:117)
[        ] 	at org.gradle.internal.buildtree.DefaultBuildTreeLifecycleController.scheduleAndRunTasks(DefaultBuildTreeLifecycleC
ontroller.java:77)
[        ] 	at org.gradle.internal.buildtree.DefaultBuildTreeLifecycleController.scheduleAndRunTasks(DefaultBuildTreeLifecycleC
ontroller.java:72)
[        ] 	at org.gradle.tooling.internal.provider.ExecuteBuildActionRunner.run(ExecuteBuildActionRunner.java:31)
[        ] 	at org.gradle.launcher.exec.ChainingBuildActionRunner.run(ChainingBuildActionRunner.java:35)
[        ] 	at org.gradle.internal.buildtree.ProblemReportingBuildActionRunner.run(ProblemReportingBuildActionRunner.java:49)
[        ] 	at 
org.gradle.launcher.exec.BuildOutcomeReportingBuildActionRunner.run(BuildOutcomeReportingBuildActionRunner.java:71)
[        ] 	at 
org.gradle.tooling.internal.provider.FileSystemWatchingBuildActionRunner.run(FileSystemWatchingBuildActionRunner.java:135)
[        ] 	at 
org.gradle.launcher.exec.BuildCompletionNotifyingBuildActionRunner.run(BuildCompletionNotifyingBuildActionRunner.java:41)
[        ] 	at 
org.gradle.launcher.exec.RootBuildLifecycleBuildActionExecutor.lambda$execute$0(RootBuildLifecycleBuildActionExecutor.java:54)
[        ] 	at org.gradle.composite.internal.DefaultRootBuildState.run(DefaultRootBuildState.java:130)
[        ] 	at 
org.gradle.launcher.exec.RootBuildLifecycleBuildActionExecutor.execute(RootBuildLifecycleBuildActionExecutor.java:54)
[        ] 	at 
org.gradle.internal.buildtree.InitDeprecationLoggingActionExecutor.execute(InitDeprecationLoggingActionExecutor.java:62)
[        ] 	at org.gradle.internal.buildtree.InitProblems.execute(InitProblems.java:36)
[        ] 	at org.gradle.internal.buildtree.DefaultBuildTreeContext.execute(DefaultBuildTreeContext.java:40)
[        ] 	at 
org.gradle.launcher.exec.BuildTreeLifecycleBuildActionExecutor.lambda$execute$0(BuildTreeLifecycleBuildActionExecutor.java:71)
[        ] 	at org.gradle.internal.buildtree.BuildTreeState.run(BuildTreeState.java:60)
[        ] 	at 
org.gradle.launcher.exec.BuildTreeLifecycleBuildActionExecutor.execute(BuildTreeLifecycleBuildActionExecutor.java:71)
[        ] 	at 
org.gradle.launcher.exec.RunAsBuildOperationBuildActionExecutor$2.call(RunAsBuildOperationBuildActionExecutor.java:67)
[        ] 	at 
org.gradle.launcher.exec.RunAsBuildOperationBuildActionExecutor$2.call(RunAsBuildOperationBuildActionExecutor.java:63)
[        ] 	at org.gradle.internal.operations.DefaultBuildOperationRunner$CallableBuildOperationWorker.execute(DefaultBuildOper
ationRunner.java:210)
[        ] 	at org.gradle.internal.operations.DefaultBuildOperationRunner$CallableBuildOperationWorker.execute(DefaultBuildOper
ationRunner.java:205)
[        ] 	at org.gradle.internal.operations.DefaultBuildOperationRunner$2.execute(DefaultBuildOperationRunner.java:67)
[        ] 	at org.gradle.internal.operations.DefaultBuildOperationRunner$2.execute(DefaultBuildOperationRunner.java:60)
[        ] 	at org.gradle.internal.operations.DefaultBuildOperationRunner.execute(DefaultBuildOperationRunner.java:167)
[        ] 	at org.gradle.internal.operations.DefaultBuildOperationRunner.execute(DefaultBuildOperationRunner.java:60)
[        ] 	at org.gradle.internal.operations.DefaultBuildOperationRunner.call(DefaultBuildOperationRunner.java:54)
[        ] 	at 
org.gradle.launcher.exec.RunAsBuildOperationBuildActionExecutor.execute(RunAsBuildOperationBuildActionExecutor.java:63)
[        ] 	at 
org.gradle.launcher.exec.RunAsWorkerThreadBuildActionExecutor.lambda$execute$0(RunAsWorkerThreadBuildActionExecutor.java:36)
[        ] 	at org.gradle.internal.work.DefaultWorkerLeaseService.withLocks(DefaultWorkerLeaseService.java:263)
[        ] 	at org.gradle.internal.work.DefaultWorkerLeaseService.runAsWorkerThread(DefaultWorkerLeaseService.java:127)
[        ] 	at 
org.gradle.launcher.exec.RunAsWorkerThreadBuildActionExecutor.execute(RunAsWorkerThreadBuildActionExecutor.java:36)
[        ] 	at 
org.gradle.tooling.internal.provider.continuous.ContinuousBuildActionExecutor.execute(ContinuousBuildActionExecutor.java:110)
[        ] 	at 
org.gradle.tooling.internal.provider.SubscribableBuildActionExecutor.execute(SubscribableBuildActionExecutor.java:64)
[        ] 	at org.gradle.internal.session.DefaultBuildSessionContext.execute(DefaultBuildSessionContext.java:46)
[        ] 	at org.gradle.internal.buildprocess.execution.BuildSessionLifecycleBuildActionExecutor$ActionImpl.apply(BuildSessio
nLifecycleBuildActionExecutor.java:92)
[        ] 	at org.gradle.internal.buildprocess.execution.BuildSessionLifecycleBuildActionExecutor$ActionImpl.apply(BuildSessio
nLifecycleBuildActionExecutor.java:80)
[        ] 	at org.gradle.internal.session.BuildSessionState.run(BuildSessionState.java:73)
[        ] 	at org.gradle.internal.buildprocess.execution.BuildSessionLifecycleBuildActionExecutor.execute(BuildSessionLifecycl
eBuildActionExecutor.java:62)
[        ] 	at org.gradle.internal.buildprocess.execution.BuildSessionLifecycleBuildActionExecutor.execute(BuildSessionLifecycl
eBuildActionExecutor.java:41)
[        ] 	at org.gradle.internal.buildprocess.execution.StartParamsValidatingActionExecutor.execute(StartParamsValidatingActi
onExecutor.java:64)
[        ] 	at org.gradle.internal.buildprocess.execution.StartParamsValidatingActionExecutor.execute(StartParamsValidatingActi
onExecutor.java:32)
[        ] 	at org.gradle.internal.buildprocess.execution.SessionFailureReportingActionExecutor.execute(SessionFailureReporting
ActionExecutor.java:51)
[        ] 	at org.gradle.internal.buildprocess.execution.SessionFailureReportingActionExecutor.execute(SessionFailureReporting
ActionExecutor.java:39)
[        ] 	at 
org.gradle.internal.buildprocess.execution.SetupLoggingActionExecutor.execute(SetupLoggingActionExecutor.java:47)
[        ] 	at 
org.gradle.internal.buildprocess.execution.SetupLoggingActionExecutor.execute(SetupLoggingActionExecutor.java:31)
[        ] 	at org.gradle.launcher.daemon.server.exec.ExecuteBuild.doBuild(ExecuteBuild.java:70)
[        ] 	at org.gradle.launcher.daemon.server.exec.BuildCommandOnly.execute(BuildCommandOnly.java:37)
[        ] 	at org.gradle.launcher.daemon.server.api.DaemonCommandExecution.proceed(DaemonCommandExecution.java:104)
[        ] 	at org.gradle.launcher.daemon.server.exec.WatchForDisconnection.execute(WatchForDisconnection.java:39)
[        ] 	at org.gradle.launcher.daemon.server.api.DaemonCommandExecution.proceed(DaemonCommandExecution.java:104)
[        ] 	at org.gradle.launcher.daemon.server.exec.ResetDeprecationLogger.execute(ResetDeprecationLogger.java:29)
[        ] 	at org.gradle.launcher.daemon.server.api.DaemonCommandExecution.proceed(DaemonCommandExecution.java:104)
[        ] 	at 
org.gradle.launcher.daemon.server.exec.RequestStopIfSingleUsedDaemon.execute(RequestStopIfSingleUsedDaemon.java:35)
[        ] 	at org.gradle.launcher.daemon.server.api.DaemonCommandExecution.proceed(DaemonCommandExecution.java:104)
[        ] 	at org.gradle.launcher.daemon.server.exec.ForwardClientInput.lambda$execute$0(ForwardClientInput.java:40)
[        ] 	at org.gradle.internal.daemon.clientinput.ClientInputForwarder.forwardInput(ClientInputForwarder.java:80)
[        ] 	at org.gradle.launcher.daemon.server.exec.ForwardClientInput.execute(ForwardClientInput.java:37)
[        ] 	at org.gradle.launcher.daemon.server.api.DaemonCommandExecution.proceed(DaemonCommandExecution.java:104)
[        ] 	at org.gradle.launcher.daemon.server.exec.LogAndCheckHealth.execute(LogAndCheckHealth.java:64)
[        ] 	at org.gradle.launcher.daemon.server.api.DaemonCommandExecution.proceed(DaemonCommandExecution.java:104)
[        ] 	at org.gradle.launcher.daemon.server.exec.LogToClient.doBuild(LogToClient.java:63)
[        ] 	at org.gradle.launcher.daemon.server.exec.BuildCommandOnly.execute(BuildCommandOnly.java:37)
[        ] 	at org.gradle.launcher.daemon.server.api.DaemonCommandExecution.proceed(DaemonCommandExecution.java:104)
[        ] 	at org.gradle.launcher.daemon.server.exec.EstablishBuildEnvironment.doBuild(EstablishBuildEnvironment.java:84)
[        ] 	at org.gradle.launcher.daemon.server.exec.BuildCommandOnly.execute(BuildCommandOnly.java:37)
[        ] 	at org.gradle.launcher.daemon.server.api.DaemonCommandExecution.proceed(DaemonCommandExecution.java:104)
[        ] 	at org.gradle.launcher.daemon.server.exec.StartBuildOrRespondWithBusy$1.run(StartBuildOrRespondWithBusy.java:52)
[        ] 	at org.gradle.launcher.daemon.server.DaemonStateCoordinator.lambda$runCommand$0(DaemonStateCoordinator.java:321)
[        ] 	at org.gradle.internal.concurrent.ExecutorPolicy$CatchAndRecordFailures.onExecute(ExecutorPolicy.java:64)
[        ] 	at org.gradle.internal.concurrent.AbstractManagedExecutor$1.run(AbstractManagedExecutor.java:48)
[        ] 	at java.base/java.util.concurrent.ThreadPoolExecutor.runWorker(Unknown Source)
[        ] 	at java.base/java.util.concurrent.ThreadPoolExecutor$Worker.run(Unknown Source)
[        ] 	at java.base/java.lang.Thread.run(Unknown Source)
[        ] Caused by: org.gradle.api.internal.provider.MissingValueException: Cannot query the value of this provider because 
it has no value available.
[        ] 	at 
org.gradle.api.internal.provider.AbstractMinimalProvider.calculateOwnPresentValue(AbstractMinimalProvider.java:84)
[        ] 	at org.gradle.api.internal.provider.AbstractMinimalProvider.get(AbstractMinimalProvider.java:102)
[        ] 	at org.gradle.api.internal.provider.ProviderResolutionStrategy$2.resolve(ProviderResolutionStrategy.java:33)
[        ] 	at 
org.gradle.api.internal.file.collections.ProviderBackedFileCollection.visitDependencies(ProviderBackedFileCollection.java:56)
[        ] 	at org.gradle.api.internal.AbstractTaskDependencyContainerVisitingContext.add(AbstractTaskDependencyContainerVisiti
ngContext.java:46)
[        ] 	at org.gradle.api.internal.file.collections.UnpackingVisitor.add(UnpackingVisitor.java:76)
[        ] 	at org.gradle.api.internal.file.collections.DefaultConfigurableFileCollection$UnresolvedItemsCollector.visitContent
s(DefaultConfigurableFileCollection.java:635)
[        ] 	at org.gradle.api.internal.file.collections.DefaultConfigurableFileCollection.visitChildren(DefaultConfigurableFile
Collection.java:448)
[        ] 	at org.gradle.api.internal.file.CompositeFileCollection.visitDependencies(CompositeFileCollection.java:101)
[        ] 	at org.gradle.api.internal.file.collections.DefaultConfigurableFileCollection.visitDependencies(DefaultConfigurable
FileCollection.java:454)
[        ] 	at org.gradle.api.internal.AbstractTaskDependencyContainerVisitingContext.add(AbstractTaskDependencyContainerVisiti
ngContext.java:46)
[   +4 ms] 	at 
org.gradle.api.internal.file.AbstractFileCollection.lambda$getBuildDependencies$0(AbstractFileCollection.java:99)
[        ] 	at org.gradle.api.internal.tasks.DefaultTaskDependency.visitDependencies(DefaultTaskDependency.java:151)
[        ] 	at org.gradle.api.internal.AbstractTaskDependencyContainerVisitingContext.add(AbstractTaskDependencyContainerVisiti
ngContext.java:46)
[        ] 	at org.gradle.api.internal.artifacts.ivyservice.resolveengine.artifact.LocalFileDependencyBackedArtifactSet.visitDe
pendencies(LocalFileDependencyBackedArtifactSet.java:180)
[        ] Deprecated Gradle features were used in this build, making it incompatible with Gradle 9.0.
[        ] You can use '--warning-mode all' to show the individual deprecation warnings and determine if they come from your own scripts or plugins.
[        ] For more on this, please refer to https://docs.gradle.org/8.14/userguide/command_line_interface.html#sec:command_line_warnings in the Gradle documentation.
[        ] 4 actionable tasks: 4 up-to-date
[        ] Watched directory hierarchies: [C:\src\flutter\packages\flutter_tools\gradle]
[        ] 	at org.gradle.api.internal.AbstractTaskDependencyContainerVisitingContext.add(AbstractTaskDependencyContainerVisiti
ngContext.java:46)
[        ] 	at org.gradle.api.internal.artifacts.ivyservice.resolveengine.artifact.DefaultSelectedArtifactSet.visitDependencies
(DefaultSelectedArtifactSet.java:47)
[        ] 	at org.gradle.api.internal.artifacts.configurations.ResolutionResultProviderBackedSelectedArtifactSet.visitDependen
cies(ResolutionResultProviderBackedSelectedArtifactSet.java:44)
[        ] 	at org.gradle.api.internal.artifacts.configurations.ResolutionBackedFileCollection.visitDependencies(ResolutionBack
edFileCollection.java:58)
[        ] 	at org.gradle.api.internal.provider.BuildableBackedProvider$1.visitDependencies(BuildableBackedProvider.java:57)
[        ] 	at 
org.gradle.api.internal.file.collections.ProviderBackedFileCollection.visitDependencies(ProviderBackedFileCollection.java:52)
[        ] 	at org.gradle.api.internal.tasks.CachingTaskDependencyResolveContext$TaskGraphImpl.getNodeValues(CachingTaskDepende
ncyResolveContext.java:108)
[        ] 	at 
org.gradle.internal.graph.CachingDirectedGraphWalker$GraphWithEmptyEdges.getNodeValues(CachingDirectedGraphWalker.java:219)
[        ] 	at org.gradle.internal.graph.CachingDirectedGraphWalker.doSearch(CachingDirectedGraphWalker.java:127)
[        ] 	at org.gradle.internal.graph.CachingDirectedGraphWalker.findValues(CachingDirectedGraphWalker.java:79)
[        ] 	at 
org.gradle.api.internal.tasks.CachingTaskDependencyResolveContext.getDependencies(CachingTaskDependencyResolveContext.java:67)
[        ] 	... 142 more
[        ] BUILD FAILED in 3s
[  +99 ms] Running Gradle task 'assembleDebug'... (completed in 3.6s)
[  +40 ms] "flutter apk" took 5,984ms.
[  +93 ms] Gradle task assembleDebug failed with exit code 1
[        ] 
           #0      throwToolExit (package:flutter_tools/src/base/common.dart:34:3)
           #1      AndroidGradleBuilder.buildGradleApp (package:flutter_tools/src/android/gradle.dart:592:7)
           <asynchronous suspension>
           #2      AndroidGradleBuilder.buildApk (package:flutter_tools/src/android/gradle.dart:234:5)
           <asynchronous suspension>
           #3      BuildApkCommand.runCommand (package:flutter_tools/src/commands/build_apk.dart:131:5)
           <asynchronous suspension>
           #4      FlutterCommand.run.<anonymous closure> (package:flutter_tools/src/runner/flutter_command.dart:1590:27)
           <asynchronous suspension>
           #5      AppContext.run.<anonymous closure> (package:flutter_tools/src/base/context.dart:154:19)
           <asynchronous suspension>
           #6      CommandRunner.runCommand (package:args/command_runner.dart:212:13)
           <asynchronous suspension>
           #7      FlutterCommandRunner.runCommand.<anonymous closure> 
(package:flutter_tools/src/runner/flutter_command_runner.dart:496:9)
           <asynchronous suspension>
           #8      AppContext.run.<anonymous closure> (package:flutter_tools/src/base/context.dart:154:19)
           <asynchronous suspension>
           #9      FlutterCommandRunner.runCommand (package:flutter_tools/src/runner/flutter_command_runner.dart:431:5)
           <asynchronous suspension>
           #10     FlutterCommandRunner.run.<anonymous closure> 
(package:flutter_tools/src/runner/flutter_command_runner.dart:307:33)
           <asynchronous suspension>
           #11     run.<anonymous closure>.<anonymous closure> (package:flutter_tools/runner.dart:104:11)
           <asynchronous suspension>
           #12     AppContext.run.<anonymous closure> (package:flutter_tools/src/base/context.dart:154:19)
           <asynchronous suspension>
           #13     main (package:flutter_tools/executable.dart:103:3)
           <asynchronous suspension>


[        ] Running 1 shutdown hook
[   +4 ms] Shutdown hooks complete
[  +83 ms] exiting with code 1
